<testsuites id="" name="" tests="15" failures="0" skipped="0" errors="0" time="14.548663000000001">
<testsuite name="API\RequestInGET.spec.js" timestamp="2024-03-20T03:35:50.985Z" hostname="chromium" tests="1" failures="0" skipped="0" time="0.435" errors="0">
<testcase name="retrive ser list (GET REQUEST)" classname="API\RequestInGET.spec.js" time="0.435">
<system-out>
<![CDATA[status code-->200
{
  page: [33m2[39m,
  per_page: [33m6[39m,
  total: [33m12[39m,
  total_pages: [33m2[39m,
  data: [
    {
      id: [33m7[39m,
      email: [32m'michael.lawson@reqres.in'[39m,
      first_name: [32m'Michael'[39m,
      last_name: [32m'Lawson'[39m,
      avatar: [32m'https://reqres.in/img/faces/7-image.jpg'[39m
    },
    {
      id: [33m8[39m,
      email: [32m'lindsay.ferguson@reqres.in'[39m,
      first_name: [32m'Lindsay'[39m,
      last_name: [32m'Ferguson'[39m,
      avatar: [32m'https://reqres.in/img/faces/8-image.jpg'[39m
    },
    {
      id: [33m9[39m,
      email: [32m'tobias.funke@reqres.in'[39m,
      first_name: [32m'Tobias'[39m,
      last_name: [32m'Funke'[39m,
      avatar: [32m'https://reqres.in/img/faces/9-image.jpg'[39m
    },
    {
      id: [33m10[39m,
      email: [32m'byron.fields@reqres.in'[39m,
      first_name: [32m'Byron'[39m,
      last_name: [32m'Fields'[39m,
      avatar: [32m'https://reqres.in/img/faces/10-image.jpg'[39m
    },
    {
      id: [33m11[39m,
      email: [32m'george.edwards@reqres.in'[39m,
      first_name: [32m'George'[39m,
      last_name: [32m'Edwards'[39m,
      avatar: [32m'https://reqres.in/img/faces/11-image.jpg'[39m
    },
    {
      id: [33m12[39m,
      email: [32m'rachel.howell@reqres.in'[39m,
      first_name: [32m'Rachel'[39m,
      last_name: [32m'Howell'[39m,
      avatar: [32m'https://reqres.in/img/faces/12-image.jpg'[39m
    }
  ],
  support: {
    url: [32m'https://reqres.in/#support-heading'[39m,
    text: [32m'To keep ReqRes free, contributions towards server costs are appreciated!'[39m
  }
}
]]>
</system-out>
</testcase>
</testsuite>
<testsuite name="API\RequestInPOST.spec.js" timestamp="2024-03-20T03:35:50.985Z" hostname="chromium" tests="1" failures="0" skipped="0" time="0.893" errors="0">
<testcase name="Create a user" classname="API\RequestInPOST.spec.js" time="0.893">
</testcase>
</testsuite>
<testsuite name="API\RequestInPUT.spec.js" timestamp="2024-03-20T03:35:50.985Z" hostname="chromium" tests="1" failures="0" skipped="0" time="0.856" errors="0">
<testcase name="update user" classname="API\RequestInPUT.spec.js" time="0.856">
</testcase>
</testsuite>
<testsuite name="UI\BusinessPage.spec.js" timestamp="2024-03-20T03:35:50.985Z" hostname="chromium" tests="4" failures="0" skipped="0" time="46.046" errors="0">
<testcase name="validate Business special table" classname="UI\BusinessPage.spec.js" time="10.922">
</testcase>
<testcase name="Validate Card type" classname="UI\BusinessPage.spec.js" time="11.598">
</testcase>
<testcase name="Validate Rate" classname="UI\BusinessPage.spec.js" time="11.645">
<system-out>
<![CDATA[--rate --: Term Deposit (1 year)
]]>
</system-out>
</testcase>
<testcase name="Validate Sub Heading" classname="UI\BusinessPage.spec.js" time="11.881">
<system-out>
<![CDATA[--rate --: Fixed returns on money locked in for a set period.
]]>
</system-out>
</testcase>
</testsuite>
<testsuite name="UI\HomePage.spec.js" timestamp="2024-03-20T03:35:50.985Z" hostname="chromium" tests="3" failures="0" skipped="0" time="12.692" errors="0">
<testcase name="Home Page UI testing › Validate home Page Title" classname="UI\HomePage.spec.js" time="3.941">
</testcase>
<testcase name="Home Page UI testing › verify landing url" classname="UI\HomePage.spec.js" time="4.337">
</testcase>
<testcase name="Home Page UI testing › Validate Personal category in the home page" classname="UI\HomePage.spec.js" time="4.414">
</testcase>
</testsuite>
<testsuite name="UI\PersonalPage.spec.js" timestamp="2024-03-20T03:35:50.985Z" hostname="chromium" tests="5" failures="0" skipped="0" time="30.594" errors="0">
<testcase name="validate Personal special rate data" classname="UI\PersonalPage.spec.js" time="6.827">
</testcase>
<testcase name="Validate Card type" classname="UI\PersonalPage.spec.js" time="6.043">
</testcase>
<testcase name="Validate Rate" classname="UI\PersonalPage.spec.js" time="6.256">
<system-out>
<![CDATA[--rate --: 6.79%p.a.
]]>
</system-out>
</testcase>
<testcase name="Validate Sub Heading" classname="UI\PersonalPage.spec.js" time="6.408">
<system-out>
<![CDATA[--rate --: 2 years fixed
]]>
</system-out>
</testcase>
<testcase name="Validate Terms" classname="UI\PersonalPage.spec.js" time="5.06">
<system-out>
<![CDATA[--rate --: 2 years fixed. Min 20% equity.
]]>
</system-out>
</testcase>
</testsuite>
</testsuites>